[0.013s] Invoking command in '/home/student/ros2_ws/build/turtlebot3': AMENT_PREFIX_PATH=/home/student/ros2_ws/install/turtlebot3_bringup:/home/student/ros2_ws/install/turtlebot3_teleop:/home/student/ros2_ws/install/turtlebot3_node:/home/student/ros2_ws/install/turtlebot3_navigation2:/home/student/ros2_ws/install/turtlebot3_example:/home/student/ros2_ws/install/turtlebot3_description:/home/student/ros2_ws/install/turtlebot3_cartographer:${AMENT_PREFIX_PATH} CMAKE_PREFIX_PATH=/home/student/ros2_ws/install/turtlebot3_bringup:/home/student/ros2_ws/install/turtlebot3_node:/home/student/ros2_ws/install/turtlebot3_navigation2:/home/student/ros2_ws/install/turtlebot3_description:/home/student/ros2_ws/install/turtlebot3_cartographer:/home/student/ros2_ws/install/my_robot_controller:/opt/ros/humble PYTHONPATH=/home/student/ros2_ws/build/turtlebot3_teleop:/home/student/ros2_ws/install/turtlebot3_teleop/lib/python3.10/site-packages:/home/student/ros2_ws/build/turtlebot3_example:/home/student/ros2_ws/install/turtlebot3_example/lib/python3.10/site-packages:${PYTHONPATH} /usr/bin/cmake /home/student/ros2_ws/src/turtlebot3/turtlebot3 -DAMENT_CMAKE_SYMLINK_INSTALL=1 -DCMAKE_INSTALL_PREFIX=/home/student/ros2_ws/install/turtlebot3
[0.061s] -- The C compiler identification is GNU 11.4.0
[0.107s] -- The CXX compiler identification is GNU 11.4.0
[0.115s] -- Detecting C compiler ABI info
[0.178s] -- Detecting C compiler ABI info - done
[0.185s] -- Check for working C compiler: /usr/bin/cc - skipped
[0.186s] -- Detecting C compile features
[0.186s] -- Detecting C compile features - done
[0.189s] -- Detecting CXX compiler ABI info
[0.258s] -- Detecting CXX compiler ABI info - done
[0.265s] -- Check for working CXX compiler: /usr/bin/c++ - skipped
[0.266s] -- Detecting CXX compile features
[0.266s] -- Detecting CXX compile features - done
[0.271s] -- Found ament_cmake: 1.3.14 (/opt/ros/humble/share/ament_cmake/cmake)
[0.401s] -- Found Python3: /usr/bin/python3 (found version "3.10.12") found components: Interpreter 
[0.452s] -- Override CMake install command with custom implementation using symlinks instead of copying resources
[0.561s] -- Configuring done
[0.565s] -- Generating done
[0.566s] -- Build files have been written to: /home/student/ros2_ws/build/turtlebot3
[0.570s] Invoked command in '/home/student/ros2_ws/build/turtlebot3' returned '0': AMENT_PREFIX_PATH=/home/student/ros2_ws/install/turtlebot3_bringup:/home/student/ros2_ws/install/turtlebot3_teleop:/home/student/ros2_ws/install/turtlebot3_node:/home/student/ros2_ws/install/turtlebot3_navigation2:/home/student/ros2_ws/install/turtlebot3_example:/home/student/ros2_ws/install/turtlebot3_description:/home/student/ros2_ws/install/turtlebot3_cartographer:${AMENT_PREFIX_PATH} CMAKE_PREFIX_PATH=/home/student/ros2_ws/install/turtlebot3_bringup:/home/student/ros2_ws/install/turtlebot3_node:/home/student/ros2_ws/install/turtlebot3_navigation2:/home/student/ros2_ws/install/turtlebot3_description:/home/student/ros2_ws/install/turtlebot3_cartographer:/home/student/ros2_ws/install/my_robot_controller:/opt/ros/humble PYTHONPATH=/home/student/ros2_ws/build/turtlebot3_teleop:/home/student/ros2_ws/install/turtlebot3_teleop/lib/python3.10/site-packages:/home/student/ros2_ws/build/turtlebot3_example:/home/student/ros2_ws/install/turtlebot3_example/lib/python3.10/site-packages:${PYTHONPATH} /usr/bin/cmake /home/student/ros2_ws/src/turtlebot3/turtlebot3 -DAMENT_CMAKE_SYMLINK_INSTALL=1 -DCMAKE_INSTALL_PREFIX=/home/student/ros2_ws/install/turtlebot3
[0.572s] Invoking command in '/home/student/ros2_ws/build/turtlebot3': AMENT_PREFIX_PATH=/home/student/ros2_ws/install/turtlebot3_bringup:/home/student/ros2_ws/install/turtlebot3_teleop:/home/student/ros2_ws/install/turtlebot3_node:/home/student/ros2_ws/install/turtlebot3_navigation2:/home/student/ros2_ws/install/turtlebot3_example:/home/student/ros2_ws/install/turtlebot3_description:/home/student/ros2_ws/install/turtlebot3_cartographer:${AMENT_PREFIX_PATH} CMAKE_PREFIX_PATH=/home/student/ros2_ws/install/turtlebot3_bringup:/home/student/ros2_ws/install/turtlebot3_node:/home/student/ros2_ws/install/turtlebot3_navigation2:/home/student/ros2_ws/install/turtlebot3_description:/home/student/ros2_ws/install/turtlebot3_cartographer:/home/student/ros2_ws/install/my_robot_controller:/opt/ros/humble PYTHONPATH=/home/student/ros2_ws/build/turtlebot3_teleop:/home/student/ros2_ws/install/turtlebot3_teleop/lib/python3.10/site-packages:/home/student/ros2_ws/build/turtlebot3_example:/home/student/ros2_ws/install/turtlebot3_example/lib/python3.10/site-packages:${PYTHONPATH} /usr/bin/cmake --build /home/student/ros2_ws/build/turtlebot3 -- -j16 -l16
[0.609s] Invoked command in '/home/student/ros2_ws/build/turtlebot3' returned '0': AMENT_PREFIX_PATH=/home/student/ros2_ws/install/turtlebot3_bringup:/home/student/ros2_ws/install/turtlebot3_teleop:/home/student/ros2_ws/install/turtlebot3_node:/home/student/ros2_ws/install/turtlebot3_navigation2:/home/student/ros2_ws/install/turtlebot3_example:/home/student/ros2_ws/install/turtlebot3_description:/home/student/ros2_ws/install/turtlebot3_cartographer:${AMENT_PREFIX_PATH} CMAKE_PREFIX_PATH=/home/student/ros2_ws/install/turtlebot3_bringup:/home/student/ros2_ws/install/turtlebot3_node:/home/student/ros2_ws/install/turtlebot3_navigation2:/home/student/ros2_ws/install/turtlebot3_description:/home/student/ros2_ws/install/turtlebot3_cartographer:/home/student/ros2_ws/install/my_robot_controller:/opt/ros/humble PYTHONPATH=/home/student/ros2_ws/build/turtlebot3_teleop:/home/student/ros2_ws/install/turtlebot3_teleop/lib/python3.10/site-packages:/home/student/ros2_ws/build/turtlebot3_example:/home/student/ros2_ws/install/turtlebot3_example/lib/python3.10/site-packages:${PYTHONPATH} /usr/bin/cmake --build /home/student/ros2_ws/build/turtlebot3 -- -j16 -l16
[0.610s] Invoking command in '/home/student/ros2_ws/build/turtlebot3': AMENT_PREFIX_PATH=/home/student/ros2_ws/install/turtlebot3_bringup:/home/student/ros2_ws/install/turtlebot3_teleop:/home/student/ros2_ws/install/turtlebot3_node:/home/student/ros2_ws/install/turtlebot3_navigation2:/home/student/ros2_ws/install/turtlebot3_example:/home/student/ros2_ws/install/turtlebot3_description:/home/student/ros2_ws/install/turtlebot3_cartographer:${AMENT_PREFIX_PATH} CMAKE_PREFIX_PATH=/home/student/ros2_ws/install/turtlebot3_bringup:/home/student/ros2_ws/install/turtlebot3_node:/home/student/ros2_ws/install/turtlebot3_navigation2:/home/student/ros2_ws/install/turtlebot3_description:/home/student/ros2_ws/install/turtlebot3_cartographer:/home/student/ros2_ws/install/my_robot_controller:/opt/ros/humble PYTHONPATH=/home/student/ros2_ws/build/turtlebot3_teleop:/home/student/ros2_ws/install/turtlebot3_teleop/lib/python3.10/site-packages:/home/student/ros2_ws/build/turtlebot3_example:/home/student/ros2_ws/install/turtlebot3_example/lib/python3.10/site-packages:${PYTHONPATH} /usr/bin/cmake --install /home/student/ros2_ws/build/turtlebot3
[0.617s] -- Install configuration: ""
[0.617s] -- Execute custom install script
[0.617s] -- Symlinking: /home/student/ros2_ws/install/turtlebot3/share/ament_index/resource_index/package_run_dependencies/turtlebot3
[0.625s] -- Symlinking: /home/student/ros2_ws/install/turtlebot3/share/ament_index/resource_index/parent_prefix_path/turtlebot3
[0.632s] -- Symlinking: /home/student/ros2_ws/install/turtlebot3/share/turtlebot3/environment/ament_prefix_path.sh
[0.641s] -- Symlinking: /home/student/ros2_ws/install/turtlebot3/share/turtlebot3/environment/ament_prefix_path.dsv
[0.649s] -- Symlinking: /home/student/ros2_ws/install/turtlebot3/share/turtlebot3/environment/path.sh
[0.657s] -- Symlinking: /home/student/ros2_ws/install/turtlebot3/share/turtlebot3/environment/path.dsv
[0.664s] -- Symlinking: /home/student/ros2_ws/install/turtlebot3/share/turtlebot3/local_setup.bash
[0.672s] -- Symlinking: /home/student/ros2_ws/install/turtlebot3/share/turtlebot3/local_setup.sh
[0.679s] -- Symlinking: /home/student/ros2_ws/install/turtlebot3/share/turtlebot3/local_setup.zsh
[0.687s] -- Symlinking: /home/student/ros2_ws/install/turtlebot3/share/turtlebot3/local_setup.dsv
[0.694s] -- Symlinking: /home/student/ros2_ws/install/turtlebot3/share/turtlebot3/package.dsv
[0.703s] -- Symlinking: /home/student/ros2_ws/install/turtlebot3/share/ament_index/resource_index/packages/turtlebot3
[0.710s] -- Symlinking: /home/student/ros2_ws/install/turtlebot3/share/turtlebot3/cmake/turtlebot3Config.cmake
[0.718s] -- Symlinking: /home/student/ros2_ws/install/turtlebot3/share/turtlebot3/cmake/turtlebot3Config-version.cmake
[0.725s] -- Symlinking: /home/student/ros2_ws/install/turtlebot3/share/turtlebot3/package.xml
[0.734s] Invoked command in '/home/student/ros2_ws/build/turtlebot3' returned '0': AMENT_PREFIX_PATH=/home/student/ros2_ws/install/turtlebot3_bringup:/home/student/ros2_ws/install/turtlebot3_teleop:/home/student/ros2_ws/install/turtlebot3_node:/home/student/ros2_ws/install/turtlebot3_navigation2:/home/student/ros2_ws/install/turtlebot3_example:/home/student/ros2_ws/install/turtlebot3_description:/home/student/ros2_ws/install/turtlebot3_cartographer:${AMENT_PREFIX_PATH} CMAKE_PREFIX_PATH=/home/student/ros2_ws/install/turtlebot3_bringup:/home/student/ros2_ws/install/turtlebot3_node:/home/student/ros2_ws/install/turtlebot3_navigation2:/home/student/ros2_ws/install/turtlebot3_description:/home/student/ros2_ws/install/turtlebot3_cartographer:/home/student/ros2_ws/install/my_robot_controller:/opt/ros/humble PYTHONPATH=/home/student/ros2_ws/build/turtlebot3_teleop:/home/student/ros2_ws/install/turtlebot3_teleop/lib/python3.10/site-packages:/home/student/ros2_ws/build/turtlebot3_example:/home/student/ros2_ws/install/turtlebot3_example/lib/python3.10/site-packages:${PYTHONPATH} /usr/bin/cmake --install /home/student/ros2_ws/build/turtlebot3
