[1.016s] Invoking command in '/ros2_ws/build/my_robot_controller': PYTHONPATH=/ros2_ws/build/my_robot_controller/prefix_override:/ros2_ws/install/my_robot_controller/lib/python3.10/site-packages:${PYTHONPATH} /usr/bin/python3 setup.py develop --editable --build-directory /ros2_ws/build/my_robot_controller/build --no-deps install_data
[1.327s] running develop
[1.327s] /usr/lib/python3/dist-packages/setuptools/command/easy_install.py:158: EasyInstallDeprecationWarning: easy_install command is deprecated. Use build and pip and other standards-based tools.
[1.327s]   warnings.warn(
[1.328s] /usr/lib/python3/dist-packages/setuptools/command/install.py:34: SetuptoolsDeprecationWarning: setup.py install is deprecated. Use build and pip and other standards-based tools.
[1.328s]   warnings.warn(
[1.517s] running egg_info
[1.517s] writing my_robot_controller.egg-info/PKG-INFO
[1.517s] writing dependency_links to my_robot_controller.egg-info/dependency_links.txt
[1.517s] writing entry points to my_robot_controller.egg-info/entry_points.txt
[1.517s] writing requirements to my_robot_controller.egg-info/requires.txt
[1.517s] writing top-level names to my_robot_controller.egg-info/top_level.txt
[1.519s] reading manifest file 'my_robot_controller.egg-info/SOURCES.txt'
[1.520s] writing manifest file 'my_robot_controller.egg-info/SOURCES.txt'
[1.521s] running build_ext
[1.522s] Creating /ros2_ws/install/my_robot_controller/lib/python3.10/site-packages/my-robot-controller.egg-link (link to .)
[1.522s] Installing av_nav script to /ros2_ws/install/my_robot_controller/lib/my_robot_controller
[1.522s] Installing mapping script to /ros2_ws/install/my_robot_controller/lib/my_robot_controller
[1.522s] Installing navigation script to /ros2_ws/install/my_robot_controller/lib/my_robot_controller
[1.522s] 
[1.523s] Installed /ros2_ws/build/my_robot_controller
[1.523s] running install_data
[1.523s] copying launch/car_nav.launch.py -> /ros2_ws/install/my_robot_controller/share/my_robot_controller/launch
[1.538s] Invoked command in '/ros2_ws/build/my_robot_controller' returned '0': PYTHONPATH=/ros2_ws/build/my_robot_controller/prefix_override:/ros2_ws/install/my_robot_controller/lib/python3.10/site-packages:${PYTHONPATH} /usr/bin/python3 setup.py develop --editable --build-directory /ros2_ws/build/my_robot_controller/build --no-deps install_data
