[0.038s] Invoking command in '/home/student/ros2_ws/build/turtlebot3_node': CMAKE_PREFIX_PATH=/home/student/ros2_ws/install/my_robot_controller:/opt/ros/humble /usr/bin/cmake /home/student/ros2_ws/src/turtlebot3/turtlebot3_node -DAMENT_CMAKE_SYMLINK_INSTALL=1 -DCMAKE_INSTALL_PREFIX=/home/student/ros2_ws/install/turtlebot3_node
[0.471s] -- The C compiler identification is GNU 11.4.0
[0.471s] -- The CXX compiler identification is GNU 11.4.0
[0.471s] -- Detecting C compiler ABI info
[0.471s] -- Detecting C compiler ABI info - done
[0.471s] -- Check for working C compiler: /usr/bin/cc - skipped
[0.471s] -- Detecting C compile features
[0.471s] -- Detecting C compile features - done
[0.471s] -- Detecting CXX compiler ABI info
[0.471s] -- Detecting CXX compiler ABI info - done
[0.471s] -- Check for working CXX compiler: /usr/bin/c++ - skipped
[0.471s] -- Detecting CXX compile features
[0.471s] -- Detecting CXX compile features - done
[0.472s] -- Found ament_cmake: 1.3.14 (/opt/ros/humble/share/ament_cmake/cmake)
[0.544s] -- Found Python3: /usr/bin/python3 (found version "3.10.12") found components: Interpreter 
[0.598s] -- Override CMake install command with custom implementation using symlinks instead of copying resources
[0.653s] -- Found dynamixel_sdk: 4.0.3 (/opt/ros/humble/share/dynamixel_sdk/cmake)
[0.658s] -- Found geometry_msgs: 4.9.1 (/opt/ros/humble/share/geometry_msgs/cmake)
[0.718s] -- Found rosidl_generator_c: 3.1.8 (/opt/ros/humble/share/rosidl_generator_c/cmake)
[0.729s] -- Found rosidl_adapter: 3.1.8 (/opt/ros/humble/share/rosidl_adapter/cmake)
[0.744s] -- Found rosidl_generator_cpp: 3.1.8 (/opt/ros/humble/share/rosidl_generator_cpp/cmake)
[0.767s] -- Using all available rosidl_typesupport_c: rosidl_typesupport_fastrtps_c;rosidl_typesupport_introspection_c
[0.793s] -- Using all available rosidl_typesupport_cpp: rosidl_typesupport_fastrtps_cpp;rosidl_typesupport_introspection_cpp
[0.852s] -- Found message_filters: 4.3.15 (/opt/ros/humble/share/message_filters/cmake)
[0.935s] -- Found rmw_implementation_cmake: 6.1.2 (/opt/ros/humble/share/rmw_implementation_cmake/cmake)
[0.941s] -- Found rmw_fastrtps_cpp: 6.2.10 (/opt/ros/humble/share/rmw_fastrtps_cpp/cmake)
[1.048s] -- Found OpenSSL: /usr/lib/x86_64-linux-gnu/libcrypto.so (found version "3.0.2")  
[1.080s] -- Found FastRTPS: /opt/ros/humble/include  
[1.130s] -- Using RMW implementation 'rmw_fastrtps_cpp' as default
[1.144s] -- Looking for pthread.h
[1.204s] -- Looking for pthread.h - found
[1.204s] -- Performing Test CMAKE_HAVE_LIBC_PTHREAD
[1.264s] -- Performing Test CMAKE_HAVE_LIBC_PTHREAD - Success
[1.265s] -- Found Threads: TRUE  
[1.313s] -- Found nav_msgs: 4.9.1 (/opt/ros/humble/share/nav_msgs/cmake)
[1.328s] -- Found sensor_msgs: 4.9.1 (/opt/ros/humble/share/sensor_msgs/cmake)
[1.345s] -- Found std_srvs: 4.9.1 (/opt/ros/humble/share/std_srvs/cmake)
[1.358s] -- Found tf2: 0.25.20 (/opt/ros/humble/share/tf2/cmake)
[1.372s] -- Found tf2_ros: 0.25.20 (/opt/ros/humble/share/tf2_ros/cmake)
[1.458s] -- Found turtlebot3_msgs: 2.4.0 (/opt/ros/humble/share/turtlebot3_msgs/cmake)
[1.528s] -- Configuring done
[1.549s] -- Generating done
[1.554s] -- Build files have been written to: /home/student/ros2_ws/build/turtlebot3_node
[1.563s] Invoked command in '/home/student/ros2_ws/build/turtlebot3_node' returned '0': CMAKE_PREFIX_PATH=/home/student/ros2_ws/install/my_robot_controller:/opt/ros/humble /usr/bin/cmake /home/student/ros2_ws/src/turtlebot3/turtlebot3_node -DAMENT_CMAKE_SYMLINK_INSTALL=1 -DCMAKE_INSTALL_PREFIX=/home/student/ros2_ws/install/turtlebot3_node
[1.564s] Invoking command in '/home/student/ros2_ws/build/turtlebot3_node': CMAKE_PREFIX_PATH=/home/student/ros2_ws/install/my_robot_controller:/opt/ros/humble /usr/bin/cmake --build /home/student/ros2_ws/build/turtlebot3_node -- -j16 -l16
[1.610s] [  7%] [32mBuilding CXX object CMakeFiles/turtlebot3_node_lib.dir/src/devices/motor_power.cpp.o[0m
[1.610s] [ 21%] [32mBuilding CXX object CMakeFiles/turtlebot3_node_lib.dir/src/diff_drive_controller.cpp.o[0m
[1.610s] [ 21%] [32mBuilding CXX object CMakeFiles/turtlebot3_node_lib.dir/src/odometry.cpp.o[0m
[1.611s] [ 28%] [32mBuilding CXX object CMakeFiles/turtlebot3_node_lib.dir/src/devices/reset.cpp.o[0m
[1.611s] [ 35%] [32mBuilding CXX object CMakeFiles/turtlebot3_node_lib.dir/src/devices/sound.cpp.o[0m
[1.611s] [ 42%] [32mBuilding CXX object CMakeFiles/turtlebot3_node_lib.dir/src/turtlebot3.cpp.o[0m
[1.611s] [ 50%] [32mBuilding CXX object CMakeFiles/turtlebot3_node_lib.dir/src/dynamixel_sdk_wrapper.cpp.o[0m
[1.612s] [ 57%] [32mBuilding CXX object CMakeFiles/turtlebot3_node_lib.dir/src/sensors/battery_state.cpp.o[0m
[1.612s] [ 64%] [32mBuilding CXX object CMakeFiles/turtlebot3_node_lib.dir/src/sensors/imu.cpp.o[0m
[1.612s] [ 71%] [32mBuilding CXX object CMakeFiles/turtlebot3_node_lib.dir/src/sensors/joint_state.cpp.o[0m
[1.613s] [ 78%] [32mBuilding CXX object CMakeFiles/turtlebot3_node_lib.dir/src/sensors/sensor_state.cpp.o[0m
[14.580s] [ 85%] [32m[1mLinking CXX static library libturtlebot3_node_lib.a[0m
[15.084s] [ 85%] Built target turtlebot3_node_lib
[15.102s] [ 92%] [32mBuilding CXX object CMakeFiles/turtlebot3_ros.dir/src/node_main.cpp.o[0m
[17.757s] [100%] [32m[1mLinking CXX executable turtlebot3_ros[0m
[18.836s] [100%] Built target turtlebot3_ros
[18.851s] Invoked command in '/home/student/ros2_ws/build/turtlebot3_node' returned '0': CMAKE_PREFIX_PATH=/home/student/ros2_ws/install/my_robot_controller:/opt/ros/humble /usr/bin/cmake --build /home/student/ros2_ws/build/turtlebot3_node -- -j16 -l16
[18.853s] Invoking command in '/home/student/ros2_ws/build/turtlebot3_node': CMAKE_PREFIX_PATH=/home/student/ros2_ws/install/my_robot_controller:/opt/ros/humble /usr/bin/cmake --install /home/student/ros2_ws/build/turtlebot3_node
[18.859s] -- Install configuration: ""
[18.859s] -- Execute custom install script
[18.860s] -- Symlinking: /home/student/ros2_ws/install/turtlebot3_node/share/turtlebot3_node/param/burger.yaml
[18.867s] -- Symlinking: /home/student/ros2_ws/install/turtlebot3_node/share/turtlebot3_node/param/waffle.yaml
[18.876s] -- Symlinking: /home/student/ros2_ws/install/turtlebot3_node/share/turtlebot3_node/param/waffle_pi.yaml
[18.884s] -- Symlinking: /home/student/ros2_ws/install/turtlebot3_node/lib/turtlebot3_node/turtlebot3_ros
[18.892s] -- Symlinking: /home/student/ros2_ws/install/turtlebot3_node/share/ament_index/resource_index/package_run_dependencies/turtlebot3_node
[18.899s] -- Symlinking: /home/student/ros2_ws/install/turtlebot3_node/share/ament_index/resource_index/parent_prefix_path/turtlebot3_node
[18.907s] -- Symlinking: /home/student/ros2_ws/install/turtlebot3_node/share/turtlebot3_node/environment/ament_prefix_path.sh
[18.915s] -- Symlinking: /home/student/ros2_ws/install/turtlebot3_node/share/turtlebot3_node/environment/ament_prefix_path.dsv
[18.922s] -- Symlinking: /home/student/ros2_ws/install/turtlebot3_node/share/turtlebot3_node/environment/path.sh
[18.930s] -- Symlinking: /home/student/ros2_ws/install/turtlebot3_node/share/turtlebot3_node/environment/path.dsv
[18.937s] -- Symlinking: /home/student/ros2_ws/install/turtlebot3_node/share/turtlebot3_node/local_setup.bash
[18.945s] -- Symlinking: /home/student/ros2_ws/install/turtlebot3_node/share/turtlebot3_node/local_setup.sh
[18.952s] -- Symlinking: /home/student/ros2_ws/install/turtlebot3_node/share/turtlebot3_node/local_setup.zsh
[18.960s] -- Symlinking: /home/student/ros2_ws/install/turtlebot3_node/share/turtlebot3_node/local_setup.dsv
[18.967s] -- Symlinking: /home/student/ros2_ws/install/turtlebot3_node/share/turtlebot3_node/package.dsv
[18.974s] -- Symlinking: /home/student/ros2_ws/install/turtlebot3_node/share/ament_index/resource_index/packages/turtlebot3_node
[18.982s] -- Symlinking: /home/student/ros2_ws/install/turtlebot3_node/share/turtlebot3_node/cmake/ament_cmake_export_dependencies-extras.cmake
[18.989s] -- Symlinking: /home/student/ros2_ws/install/turtlebot3_node/share/turtlebot3_node/cmake/ament_cmake_export_include_directories-extras.cmake
[18.998s] -- Symlinking: /home/student/ros2_ws/install/turtlebot3_node/share/turtlebot3_node/cmake/turtlebot3_nodeConfig.cmake
[19.006s] -- Symlinking: /home/student/ros2_ws/install/turtlebot3_node/share/turtlebot3_node/cmake/turtlebot3_nodeConfig-version.cmake
[19.013s] -- Symlinking: /home/student/ros2_ws/install/turtlebot3_node/share/turtlebot3_node/package.xml
[19.022s] Invoked command in '/home/student/ros2_ws/build/turtlebot3_node' returned '0': CMAKE_PREFIX_PATH=/home/student/ros2_ws/install/my_robot_controller:/opt/ros/humble /usr/bin/cmake --install /home/student/ros2_ws/build/turtlebot3_node
