[0.978s] Invoking command in '/ros2_ws/build/my_robot_controller': PYTHONPATH=/ros2_ws/build/my_robot_controller/prefix_override:/ros2_ws/install/my_robot_controller/lib/python3.10/site-packages:${PYTHONPATH} /usr/bin/python3 setup.py develop --editable --build-directory /ros2_ws/build/my_robot_controller/build --no-deps install_data
[1.285s] running develop
[1.298s] /usr/lib/python3/dist-packages/setuptools/command/easy_install.py:158: EasyInstallDeprecationWarning: easy_install command is deprecated. Use build and pip and other standards-based tools.
[1.298s]   warnings.warn(
[1.299s] /usr/lib/python3/dist-packages/setuptools/command/install.py:34: SetuptoolsDeprecationWarning: setup.py install is deprecated. Use build and pip and other standards-based tools.
[1.299s]   warnings.warn(
[1.483s] running egg_info
[1.484s] writing my_robot_controller.egg-info/PKG-INFO
[1.484s] writing dependency_links to my_robot_controller.egg-info/dependency_links.txt
[1.484s] writing entry points to my_robot_controller.egg-info/entry_points.txt
[1.484s] writing requirements to my_robot_controller.egg-info/requires.txt
[1.484s] writing top-level names to my_robot_controller.egg-info/top_level.txt
[1.485s] reading manifest file 'my_robot_controller.egg-info/SOURCES.txt'
[1.486s] writing manifest file 'my_robot_controller.egg-info/SOURCES.txt'
[1.488s] running build_ext
[1.488s] Creating /ros2_ws/install/my_robot_controller/lib/python3.10/site-packages/my-robot-controller.egg-link (link to .)
[1.489s] Installing av_nav script to /ros2_ws/install/my_robot_controller/lib/my_robot_controller
[1.489s] Installing mapping script to /ros2_ws/install/my_robot_controller/lib/my_robot_controller
[1.489s] Installing navigation script to /ros2_ws/install/my_robot_controller/lib/my_robot_controller
[1.489s] 
[1.489s] Installed /ros2_ws/build/my_robot_controller
[1.489s] running install_data
[1.504s] Invoked command in '/ros2_ws/build/my_robot_controller' returned '0': PYTHONPATH=/ros2_ws/build/my_robot_controller/prefix_override:/ros2_ws/install/my_robot_controller/lib/python3.10/site-packages:${PYTHONPATH} /usr/bin/python3 setup.py develop --editable --build-directory /ros2_ws/build/my_robot_controller/build --no-deps install_data
