[1.120s] Invoking command in '/home/student/ros2_ws/build/my_robot_controller': PYTHONPATH=/home/student/ros2_ws/build/my_robot_controller/prefix_override:/usr/lib/python3/dist-packages/colcon_core/task/python/colcon_distutils_commands:/home/student/ros2_ws/install/my_robot_controller/lib/python3.10/site-packages:${PYTHONPATH} /usr/bin/python3 -W ignore:setup.py install is deprecated -W ignore:easy_install command is deprecated setup.py develop --editable --build-directory /home/student/ros2_ws/build/my_robot_controller/build --no-deps symlink_data --force
[1.323s] running develop
[1.437s] running egg_info
[1.437s] writing my_robot_controller.egg-info/PKG-INFO
[1.437s] writing dependency_links to my_robot_controller.egg-info/dependency_links.txt
[1.438s] writing entry points to my_robot_controller.egg-info/entry_points.txt
[1.438s] writing requirements to my_robot_controller.egg-info/requires.txt
[1.438s] writing top-level names to my_robot_controller.egg-info/top_level.txt
[1.439s] reading manifest file 'my_robot_controller.egg-info/SOURCES.txt'
[1.441s] writing manifest file 'my_robot_controller.egg-info/SOURCES.txt'
[1.441s] running build_ext
[1.441s] Creating /home/student/ros2_ws/install/my_robot_controller/lib/python3.10/site-packages/my-robot-controller.egg-link (link to .)
[1.442s] Installing mapping script to /home/student/ros2_ws/install/my_robot_controller/lib/my_robot_controller
[1.442s] Installing navigation script to /home/student/ros2_ws/install/my_robot_controller/lib/my_robot_controller
[1.442s] 
[1.442s] Installed /home/student/ros2_ws/build/my_robot_controller
[1.443s] running symlink_data
[1.443s] symbolically linking /home/student/ros2_ws/build/my_robot_controller/resource/my_robot_controller -> /home/student/ros2_ws/install/my_robot_controller/share/ament_index/resource_index/packages
[1.443s] symbolically linking /home/student/ros2_ws/build/my_robot_controller/package.xml -> /home/student/ros2_ws/install/my_robot_controller/share/my_robot_controller
[1.443s] symbolically linking /home/student/ros2_ws/build/my_robot_controller/launch/run_navigation.launch.py -> /home/student/ros2_ws/install/my_robot_controller/share/my_robot_controller/launch
[1.443s] symbolically linking /home/student/ros2_ws/build/my_robot_controller/launch/multi_spawn_turtlebot3.launch.py -> /home/student/ros2_ws/install/my_robot_controller/share/my_robot_controller/launch
[1.443s] symbolically linking /home/student/ros2_ws/build/my_robot_controller/launch/turtlebot3_dqn_stage2.launch.py -> /home/student/ros2_ws/install/my_robot_controller/share/my_robot_controller/launch
[1.443s] symbolically linking /home/student/ros2_ws/build/my_robot_controller/launch/turtlebot3_house.launch.py -> /home/student/ros2_ws/install/my_robot_controller/share/my_robot_controller/launch
[1.443s] symbolically linking /home/student/ros2_ws/build/my_robot_controller/launch/start_mapping.launch.py -> /home/student/ros2_ws/install/my_robot_controller/share/my_robot_controller/launch
[1.443s] symbolically linking /home/student/ros2_ws/build/my_robot_controller/launch/turtlebot3_dqn_stage1.launch.py -> /home/student/ros2_ws/install/my_robot_controller/share/my_robot_controller/launch
[1.443s] symbolically linking /home/student/ros2_ws/build/my_robot_controller/launch/turtlebot3_dqn_stage3.launch.py -> /home/student/ros2_ws/install/my_robot_controller/share/my_robot_controller/launch
[1.444s] symbolically linking /home/student/ros2_ws/build/my_robot_controller/launch/spawn_turtlebot3.launch.py -> /home/student/ros2_ws/install/my_robot_controller/share/my_robot_controller/launch
[1.444s] symbolically linking /home/student/ros2_ws/build/my_robot_controller/launch/robot_state_publisher.launch.py -> /home/student/ros2_ws/install/my_robot_controller/share/my_robot_controller/launch
[1.444s] symbolically linking /home/student/ros2_ws/build/my_robot_controller/launch/empty_world.launch.py -> /home/student/ros2_ws/install/my_robot_controller/share/my_robot_controller/launch
[1.444s] symbolically linking /home/student/ros2_ws/build/my_robot_controller/launch/turtlebot3_autorace_2020.launch.py -> /home/student/ros2_ws/install/my_robot_controller/share/my_robot_controller/launch
[1.444s] symbolically linking /home/student/ros2_ws/build/my_robot_controller/launch/turtlebot3_dqn_stage4.launch.py -> /home/student/ros2_ws/install/my_robot_controller/share/my_robot_controller/launch
[1.445s] symbolically linking /home/student/ros2_ws/build/my_robot_controller/launch/turtlebot3_world.launch.py -> /home/student/ros2_ws/install/my_robot_controller/share/my_robot_controller/launch
[1.445s] symbolically linking /home/student/ros2_ws/build/my_robot_controller/launch/multi_robot.launch.py -> /home/student/ros2_ws/install/my_robot_controller/share/my_robot_controller/launch
[1.445s] symbolically linking /home/student/ros2_ws/build/my_robot_controller/maps/my_map.yaml -> /home/student/ros2_ws/install/my_robot_controller/share/my_robot_controller/maps
[1.445s] symbolically linking /home/student/ros2_ws/build/my_robot_controller/maps/manual_map.pgm -> /home/student/ros2_ws/install/my_robot_controller/share/my_robot_controller/maps
[1.445s] symbolically linking /home/student/ros2_ws/build/my_robot_controller/maps/map.rviz -> /home/student/ros2_ws/install/my_robot_controller/share/my_robot_controller/maps
[1.445s] symbolically linking /home/student/ros2_ws/build/my_robot_controller/maps/manual_map.yaml -> /home/student/ros2_ws/install/my_robot_controller/share/my_robot_controller/maps
[1.445s] symbolically linking /home/student/ros2_ws/build/my_robot_controller/maps/map.yaml -> /home/student/ros2_ws/install/my_robot_controller/share/my_robot_controller/maps
[1.445s] symbolically linking /home/student/ros2_ws/build/my_robot_controller/maps/my_map.pgm -> /home/student/ros2_ws/install/my_robot_controller/share/my_robot_controller/maps
[1.445s] symbolically linking /home/student/ros2_ws/build/my_robot_controller/maps/map.pgm -> /home/student/ros2_ws/install/my_robot_controller/share/my_robot_controller/maps
[1.445s] symbolically linking /home/student/ros2_ws/build/my_robot_controller/worlds/my_custom_world.world -> /home/student/ros2_ws/install/my_robot_controller/share/my_robot_controller/worlds
[1.468s] Invoked command in '/home/student/ros2_ws/build/my_robot_controller' returned '0': PYTHONPATH=/home/student/ros2_ws/build/my_robot_controller/prefix_override:/usr/lib/python3/dist-packages/colcon_core/task/python/colcon_distutils_commands:/home/student/ros2_ws/install/my_robot_controller/lib/python3.10/site-packages:${PYTHONPATH} /usr/bin/python3 -W ignore:setup.py install is deprecated -W ignore:easy_install command is deprecated setup.py develop --editable --build-directory /home/student/ros2_ws/build/my_robot_controller/build --no-deps symlink_data --force
