[0.709s] Invoking command in '/ros2_ws/src/my_robot_controller': PYTHONPATH=/ros2_ws/build/my_robot_controller/prefix_override:/ros2_ws/install/my_robot_controller/lib/python3.10/site-packages:${PYTHONPATH} /usr/bin/python3 setup.py egg_info --egg-base ../../build/my_robot_controller build --build-base /ros2_ws/build/my_robot_controller/build install --record /ros2_ws/build/my_robot_controller/install.log --single-version-externally-managed
[0.913s] running egg_info
[0.914s] creating ../../build/my_robot_controller/my_robot_controller.egg-info
[0.914s] writing ../../build/my_robot_controller/my_robot_controller.egg-info/PKG-INFO
[0.914s] writing dependency_links to ../../build/my_robot_controller/my_robot_controller.egg-info/dependency_links.txt
[0.914s] writing entry points to ../../build/my_robot_controller/my_robot_controller.egg-info/entry_points.txt
[0.914s] writing requirements to ../../build/my_robot_controller/my_robot_controller.egg-info/requires.txt
[0.914s] writing top-level names to ../../build/my_robot_controller/my_robot_controller.egg-info/top_level.txt
[0.914s] writing manifest file '../../build/my_robot_controller/my_robot_controller.egg-info/SOURCES.txt'
[0.915s] reading manifest file '../../build/my_robot_controller/my_robot_controller.egg-info/SOURCES.txt'
[0.916s] writing manifest file '../../build/my_robot_controller/my_robot_controller.egg-info/SOURCES.txt'
[0.916s] running build
[0.916s] running build_py
[0.916s] creating /ros2_ws/build/my_robot_controller/build
[0.916s] creating /ros2_ws/build/my_robot_controller/build/lib
[0.916s] creating /ros2_ws/build/my_robot_controller/build/lib/my_robot_controller
[0.916s] copying my_robot_controller/navigation.py -> /ros2_ws/build/my_robot_controller/build/lib/my_robot_controller
[0.917s] copying my_robot_controller/__init__.py -> /ros2_ws/build/my_robot_controller/build/lib/my_robot_controller
[0.917s] copying my_robot_controller/mapping.py -> /ros2_ws/build/my_robot_controller/build/lib/my_robot_controller
[0.917s] running install
[0.917s] /usr/lib/python3/dist-packages/setuptools/command/install.py:34: SetuptoolsDeprecationWarning: setup.py install is deprecated. Use build and pip and other standards-based tools.
[0.918s]   warnings.warn(
[0.918s] running install_lib
[0.918s] creating /ros2_ws/install/my_robot_controller/lib/python3.10/site-packages/my_robot_controller
[0.918s] copying /ros2_ws/build/my_robot_controller/build/lib/my_robot_controller/navigation.py -> /ros2_ws/install/my_robot_controller/lib/python3.10/site-packages/my_robot_controller
[0.918s] copying /ros2_ws/build/my_robot_controller/build/lib/my_robot_controller/__init__.py -> /ros2_ws/install/my_robot_controller/lib/python3.10/site-packages/my_robot_controller
[0.918s] copying /ros2_ws/build/my_robot_controller/build/lib/my_robot_controller/mapping.py -> /ros2_ws/install/my_robot_controller/lib/python3.10/site-packages/my_robot_controller
[0.919s] byte-compiling /ros2_ws/install/my_robot_controller/lib/python3.10/site-packages/my_robot_controller/navigation.py to navigation.cpython-310.pyc
[0.919s] byte-compiling /ros2_ws/install/my_robot_controller/lib/python3.10/site-packages/my_robot_controller/__init__.py to __init__.cpython-310.pyc
[0.920s] byte-compiling /ros2_ws/install/my_robot_controller/lib/python3.10/site-packages/my_robot_controller/mapping.py to mapping.cpython-310.pyc
[0.920s] running install_data
[0.920s] creating /ros2_ws/install/my_robot_controller/share/ament_index
[0.920s] creating /ros2_ws/install/my_robot_controller/share/ament_index/resource_index
[0.920s] creating /ros2_ws/install/my_robot_controller/share/ament_index/resource_index/packages
[0.920s] copying resource/my_robot_controller -> /ros2_ws/install/my_robot_controller/share/ament_index/resource_index/packages
[0.921s] copying package.xml -> /ros2_ws/install/my_robot_controller/share/my_robot_controller
[0.921s] creating /ros2_ws/install/my_robot_controller/share/my_robot_controller/launch
[0.921s] copying launch/run_navigation.launch.py -> /ros2_ws/install/my_robot_controller/share/my_robot_controller/launch
[0.921s] copying launch/multi_spawn_turtlebot3.launch.py -> /ros2_ws/install/my_robot_controller/share/my_robot_controller/launch
[0.922s] copying launch/turtlebot3_dqn_stage2.launch.py -> /ros2_ws/install/my_robot_controller/share/my_robot_controller/launch
[0.923s] copying launch/turtlebot3_house.launch.py -> /ros2_ws/install/my_robot_controller/share/my_robot_controller/launch
[0.924s] copying launch/start_mapping.launch.py -> /ros2_ws/install/my_robot_controller/share/my_robot_controller/launch
[0.924s] copying launch/turtlebot3_dqn_stage1.launch.py -> /ros2_ws/install/my_robot_controller/share/my_robot_controller/launch
[0.925s] copying launch/turtlebot3_dqn_stage3.launch.py -> /ros2_ws/install/my_robot_controller/share/my_robot_controller/launch
[0.926s] copying launch/spawn_turtlebot3.launch.py -> /ros2_ws/install/my_robot_controller/share/my_robot_controller/launch
[0.926s] copying launch/robot_state_publisher.launch.py -> /ros2_ws/install/my_robot_controller/share/my_robot_controller/launch
[0.927s] copying launch/empty_world.launch.py -> /ros2_ws/install/my_robot_controller/share/my_robot_controller/launch
[0.928s] copying launch/turtlebot3_autorace_2020.launch.py -> /ros2_ws/install/my_robot_controller/share/my_robot_controller/launch
[0.929s] copying launch/turtlebot3_dqn_stage4.launch.py -> /ros2_ws/install/my_robot_controller/share/my_robot_controller/launch
[0.930s] copying launch/turtlebot3_world.launch.py -> /ros2_ws/install/my_robot_controller/share/my_robot_controller/launch
[0.930s] copying launch/multi_robot.launch.py -> /ros2_ws/install/my_robot_controller/share/my_robot_controller/launch
[0.931s] creating /ros2_ws/install/my_robot_controller/share/my_robot_controller/maps
[0.931s] copying maps/my_map.yaml -> /ros2_ws/install/my_robot_controller/share/my_robot_controller/maps
[0.932s] copying maps/manual_map.pgm -> /ros2_ws/install/my_robot_controller/share/my_robot_controller/maps
[0.932s] copying maps/map.rviz -> /ros2_ws/install/my_robot_controller/share/my_robot_controller/maps
[0.934s] copying maps/manual_map.yaml -> /ros2_ws/install/my_robot_controller/share/my_robot_controller/maps
[0.935s] copying maps/map.yaml -> /ros2_ws/install/my_robot_controller/share/my_robot_controller/maps
[0.935s] copying maps/my_map.pgm -> /ros2_ws/install/my_robot_controller/share/my_robot_controller/maps
[0.935s] copying maps/map.pgm -> /ros2_ws/install/my_robot_controller/share/my_robot_controller/maps
[0.936s] creating /ros2_ws/install/my_robot_controller/share/my_robot_controller/worlds
[0.936s] copying worlds/my_custom_world.world -> /ros2_ws/install/my_robot_controller/share/my_robot_controller/worlds
[0.936s] running install_egg_info
[0.937s] Copying ../../build/my_robot_controller/my_robot_controller.egg-info to /ros2_ws/install/my_robot_controller/lib/python3.10/site-packages/my_robot_controller-0.0.0-py3.10.egg-info
[0.938s] running install_scripts
[0.952s] Installing mapping script to /ros2_ws/install/my_robot_controller/lib/my_robot_controller
[0.952s] Installing navigation script to /ros2_ws/install/my_robot_controller/lib/my_robot_controller
[0.952s] writing list of installed files to '/ros2_ws/build/my_robot_controller/install.log'
[0.965s] Invoked command in '/ros2_ws/src/my_robot_controller' returned '0': PYTHONPATH=/ros2_ws/build/my_robot_controller/prefix_override:/ros2_ws/install/my_robot_controller/lib/python3.10/site-packages:${PYTHONPATH} /usr/bin/python3 setup.py egg_info --egg-base ../../build/my_robot_controller build --build-base /ros2_ws/build/my_robot_controller/build install --record /ros2_ws/build/my_robot_controller/install.log --single-version-externally-managed
