running develop
running egg_info
creating my_robot_controller.egg-info
writing my_robot_controller.egg-info/PKG-INFO
writing dependency_links to my_robot_controller.egg-info/dependency_links.txt
writing entry points to my_robot_controller.egg-info/entry_points.txt
writing requirements to my_robot_controller.egg-info/requires.txt
writing top-level names to my_robot_controller.egg-info/top_level.txt
writing manifest file 'my_robot_controller.egg-info/SOURCES.txt'
reading manifest file 'my_robot_controller.egg-info/SOURCES.txt'
writing manifest file 'my_robot_controller.egg-info/SOURCES.txt'
running build_ext
Creating /home/student/ros2_ws/install/my_robot_controller/lib/python3.10/site-packages/my-robot-controller.egg-link (link to .)
Installing mapping script to /home/student/ros2_ws/install/my_robot_controller/lib/my_robot_controller

Installed /home/student/ros2_ws/build/my_robot_controller
running symlink_data
creating /home/student/ros2_ws/install/my_robot_controller/share/ament_index
creating /home/student/ros2_ws/install/my_robot_controller/share/ament_index/resource_index
creating /home/student/ros2_ws/install/my_robot_controller/share/ament_index/resource_index/packages
symbolically linking /home/student/ros2_ws/build/my_robot_controller/resource/my_robot_controller -> /home/student/ros2_ws/install/my_robot_controller/share/ament_index/resource_index/packages
symbolically linking /home/student/ros2_ws/build/my_robot_controller/package.xml -> /home/student/ros2_ws/install/my_robot_controller/share/my_robot_controller
creating /home/student/ros2_ws/install/my_robot_controller/share/my_robot_controller/launch
symbolically linking /home/student/ros2_ws/build/my_robot_controller/launch/multi_spawn_turtlebot3.launch.py -> /home/student/ros2_ws/install/my_robot_controller/share/my_robot_controller/launch
symbolically linking /home/student/ros2_ws/build/my_robot_controller/launch/turtlebot3_dqn_stage2.launch.py -> /home/student/ros2_ws/install/my_robot_controller/share/my_robot_controller/launch
symbolically linking /home/student/ros2_ws/build/my_robot_controller/launch/turtlebot3_house.launch.py -> /home/student/ros2_ws/install/my_robot_controller/share/my_robot_controller/launch
symbolically linking /home/student/ros2_ws/build/my_robot_controller/launch/start_mapping.launch.py -> /home/student/ros2_ws/install/my_robot_controller/share/my_robot_controller/launch
symbolically linking /home/student/ros2_ws/build/my_robot_controller/launch/turtlebot3_dqn_stage1.launch.py -> /home/student/ros2_ws/install/my_robot_controller/share/my_robot_controller/launch
symbolically linking /home/student/ros2_ws/build/my_robot_controller/launch/turtlebot3_dqn_stage3.launch.py -> /home/student/ros2_ws/install/my_robot_controller/share/my_robot_controller/launch
symbolically linking /home/student/ros2_ws/build/my_robot_controller/launch/spawn_turtlebot3.launch.py -> /home/student/ros2_ws/install/my_robot_controller/share/my_robot_controller/launch
symbolically linking /home/student/ros2_ws/build/my_robot_controller/launch/robot_state_publisher.launch.py -> /home/student/ros2_ws/install/my_robot_controller/share/my_robot_controller/launch
symbolically linking /home/student/ros2_ws/build/my_robot_controller/launch/empty_world.launch.py -> /home/student/ros2_ws/install/my_robot_controller/share/my_robot_controller/launch
symbolically linking /home/student/ros2_ws/build/my_robot_controller/launch/turtlebot3_autorace_2020.launch.py -> /home/student/ros2_ws/install/my_robot_controller/share/my_robot_controller/launch
symbolically linking /home/student/ros2_ws/build/my_robot_controller/launch/turtlebot3_dqn_stage4.launch.py -> /home/student/ros2_ws/install/my_robot_controller/share/my_robot_controller/launch
symbolically linking /home/student/ros2_ws/build/my_robot_controller/launch/turtlebot3_world.launch.py -> /home/student/ros2_ws/install/my_robot_controller/share/my_robot_controller/launch
symbolically linking /home/student/ros2_ws/build/my_robot_controller/launch/multi_robot.launch.py -> /home/student/ros2_ws/install/my_robot_controller/share/my_robot_controller/launch
creating /home/student/ros2_ws/install/my_robot_controller/share/my_robot_controller/maps
symbolically linking /home/student/ros2_ws/build/my_robot_controller/maps/my_map.yaml -> /home/student/ros2_ws/install/my_robot_controller/share/my_robot_controller/maps
symbolically linking /home/student/ros2_ws/build/my_robot_controller/maps/map.yaml -> /home/student/ros2_ws/install/my_robot_controller/share/my_robot_controller/maps
symbolically linking /home/student/ros2_ws/build/my_robot_controller/maps/my_map.pgm -> /home/student/ros2_ws/install/my_robot_controller/share/my_robot_controller/maps
symbolically linking /home/student/ros2_ws/build/my_robot_controller/maps/map.pgm -> /home/student/ros2_ws/install/my_robot_controller/share/my_robot_controller/maps
creating /home/student/ros2_ws/install/my_robot_controller/share/my_robot_controller/worlds
symbolically linking /home/student/ros2_ws/build/my_robot_controller/worlds/my_custom_world.world -> /home/student/ros2_ws/install/my_robot_controller/share/my_robot_controller/worlds
