[1.126s] Invoking command in '/home/student/ros2_ws/build/turtlebot3_teleop': PYTHONPATH=/home/student/ros2_ws/build/turtlebot3_teleop/prefix_override:/usr/lib/python3/dist-packages/colcon_core/task/python/colcon_distutils_commands:/home/student/ros2_ws/install/turtlebot3_teleop/lib/python3.10/site-packages:${PYTHONPATH} /usr/bin/python3 -W ignore:setup.py install is deprecated -W ignore:easy_install command is deprecated setup.py develop --editable --build-directory /home/student/ros2_ws/build/turtlebot3_teleop/build --no-deps symlink_data
[1.327s] running develop
[1.440s] running egg_info
[1.441s] creating turtlebot3_teleop.egg-info
[1.441s] writing turtlebot3_teleop.egg-info/PKG-INFO
[1.441s] writing dependency_links to turtlebot3_teleop.egg-info/dependency_links.txt
[1.441s] writing entry points to turtlebot3_teleop.egg-info/entry_points.txt
[1.441s] writing requirements to turtlebot3_teleop.egg-info/requires.txt
[1.441s] writing top-level names to turtlebot3_teleop.egg-info/top_level.txt
[1.441s] writing manifest file 'turtlebot3_teleop.egg-info/SOURCES.txt'
[1.442s] reading manifest file 'turtlebot3_teleop.egg-info/SOURCES.txt'
[1.443s] writing manifest file 'turtlebot3_teleop.egg-info/SOURCES.txt'
[1.444s] running build_ext
[1.444s] Creating /home/student/ros2_ws/install/turtlebot3_teleop/lib/python3.10/site-packages/turtlebot3-teleop.egg-link (link to .)
[1.444s] Installing teleop_keyboard script to /home/student/ros2_ws/install/turtlebot3_teleop/lib/turtlebot3_teleop
[1.445s] 
[1.445s] Installed /home/student/ros2_ws/build/turtlebot3_teleop
[1.445s] running symlink_data
[1.445s] creating /home/student/ros2_ws/install/turtlebot3_teleop/share/ament_index
[1.445s] creating /home/student/ros2_ws/install/turtlebot3_teleop/share/ament_index/resource_index
[1.445s] creating /home/student/ros2_ws/install/turtlebot3_teleop/share/ament_index/resource_index/packages
[1.445s] symbolically linking /home/student/ros2_ws/build/turtlebot3_teleop/resource/turtlebot3_teleop -> /home/student/ros2_ws/install/turtlebot3_teleop/share/ament_index/resource_index/packages
[1.445s] symbolically linking /home/student/ros2_ws/build/turtlebot3_teleop/package.xml -> /home/student/ros2_ws/install/turtlebot3_teleop/share/turtlebot3_teleop
[1.465s] Invoked command in '/home/student/ros2_ws/build/turtlebot3_teleop' returned '0': PYTHONPATH=/home/student/ros2_ws/build/turtlebot3_teleop/prefix_override:/usr/lib/python3/dist-packages/colcon_core/task/python/colcon_distutils_commands:/home/student/ros2_ws/install/turtlebot3_teleop/lib/python3.10/site-packages:${PYTHONPATH} /usr/bin/python3 -W ignore:setup.py install is deprecated -W ignore:easy_install command is deprecated setup.py develop --editable --build-directory /home/student/ros2_ws/build/turtlebot3_teleop/build --no-deps symlink_data
