[1.132s] Invoking command in '/home/student/ros2_ws/build/turtlebot3_example': PYTHONPATH=/home/student/ros2_ws/build/turtlebot3_example/prefix_override:/usr/lib/python3/dist-packages/colcon_core/task/python/colcon_distutils_commands:/home/student/ros2_ws/install/turtlebot3_example/lib/python3.10/site-packages:${PYTHONPATH} /usr/bin/python3 -W ignore:setup.py install is deprecated -W ignore:easy_install command is deprecated setup.py develop --editable --build-directory /home/student/ros2_ws/build/turtlebot3_example/build --no-deps symlink_data
[1.351s] running develop
[1.466s] running egg_info
[1.466s] creating turtlebot3_example.egg-info
[1.466s] writing turtlebot3_example.egg-info/PKG-INFO
[1.466s] writing dependency_links to turtlebot3_example.egg-info/dependency_links.txt
[1.467s] writing entry points to turtlebot3_example.egg-info/entry_points.txt
[1.467s] writing requirements to turtlebot3_example.egg-info/requires.txt
[1.467s] writing top-level names to turtlebot3_example.egg-info/top_level.txt
[1.467s] writing manifest file 'turtlebot3_example.egg-info/SOURCES.txt'
[1.468s] reading manifest file 'turtlebot3_example.egg-info/SOURCES.txt'
[1.468s] writing manifest file 'turtlebot3_example.egg-info/SOURCES.txt'
[1.469s] running build_ext
[1.469s] Creating /home/student/ros2_ws/install/turtlebot3_example/lib/python3.10/site-packages/turtlebot3-example.egg-link (link to .)
[1.470s] Installing turtlebot3_absolute_move script to /home/student/ros2_ws/install/turtlebot3_example/lib/turtlebot3_example
[1.470s] Installing turtlebot3_interactive_marker script to /home/student/ros2_ws/install/turtlebot3_example/lib/turtlebot3_example
[1.470s] Installing turtlebot3_obstacle_detection script to /home/student/ros2_ws/install/turtlebot3_example/lib/turtlebot3_example
[1.470s] Installing turtlebot3_patrol_client script to /home/student/ros2_ws/install/turtlebot3_example/lib/turtlebot3_example
[1.470s] Installing turtlebot3_patrol_server script to /home/student/ros2_ws/install/turtlebot3_example/lib/turtlebot3_example
[1.470s] Installing turtlebot3_relative_move script to /home/student/ros2_ws/install/turtlebot3_example/lib/turtlebot3_example
[1.471s] 
[1.471s] Installed /home/student/ros2_ws/build/turtlebot3_example
[1.471s] running symlink_data
[1.471s] creating /home/student/ros2_ws/install/turtlebot3_example/share/ament_index
[1.471s] creating /home/student/ros2_ws/install/turtlebot3_example/share/ament_index/resource_index
[1.471s] creating /home/student/ros2_ws/install/turtlebot3_example/share/ament_index/resource_index/packages
[1.471s] symbolically linking /home/student/ros2_ws/build/turtlebot3_example/resource/turtlebot3_example -> /home/student/ros2_ws/install/turtlebot3_example/share/ament_index/resource_index/packages
[1.471s] symbolically linking /home/student/ros2_ws/build/turtlebot3_example/package.xml -> /home/student/ros2_ws/install/turtlebot3_example/share/turtlebot3_example
[1.497s] Invoked command in '/home/student/ros2_ws/build/turtlebot3_example' returned '0': PYTHONPATH=/home/student/ros2_ws/build/turtlebot3_example/prefix_override:/usr/lib/python3/dist-packages/colcon_core/task/python/colcon_distutils_commands:/home/student/ros2_ws/install/turtlebot3_example/lib/python3.10/site-packages:${PYTHONPATH} /usr/bin/python3 -W ignore:setup.py install is deprecated -W ignore:easy_install command is deprecated setup.py develop --editable --build-directory /home/student/ros2_ws/build/turtlebot3_example/build --no-deps symlink_data
