running egg_info
creating ../../build/my_robot_controller/my_robot_controller.egg-info
writing ../../build/my_robot_controller/my_robot_controller.egg-info/PKG-INFO
writing dependency_links to ../../build/my_robot_controller/my_robot_controller.egg-info/dependency_links.txt
writing entry points to ../../build/my_robot_controller/my_robot_controller.egg-info/entry_points.txt
writing requirements to ../../build/my_robot_controller/my_robot_controller.egg-info/requires.txt
writing top-level names to ../../build/my_robot_controller/my_robot_controller.egg-info/top_level.txt
writing manifest file '../../build/my_robot_controller/my_robot_controller.egg-info/SOURCES.txt'
reading manifest file '../../build/my_robot_controller/my_robot_controller.egg-info/SOURCES.txt'
writing manifest file '../../build/my_robot_controller/my_robot_controller.egg-info/SOURCES.txt'
running build
running build_py
creating /home/student/ros2_ws/build/my_robot_controller/build
creating /home/student/ros2_ws/build/my_robot_controller/build/lib
creating /home/student/ros2_ws/build/my_robot_controller/build/lib/my_robot_controller
copying my_robot_controller/navigation.py -> /home/student/ros2_ws/build/my_robot_controller/build/lib/my_robot_controller
copying my_robot_controller/__init__.py -> /home/student/ros2_ws/build/my_robot_controller/build/lib/my_robot_controller
copying my_robot_controller/mapping.py -> /home/student/ros2_ws/build/my_robot_controller/build/lib/my_robot_controller
running install
running install_lib
creating /home/student/ros2_ws/install/my_robot_controller/lib/python3.10/site-packages/my_robot_controller
copying /home/student/ros2_ws/build/my_robot_controller/build/lib/my_robot_controller/navigation.py -> /home/student/ros2_ws/install/my_robot_controller/lib/python3.10/site-packages/my_robot_controller
copying /home/student/ros2_ws/build/my_robot_controller/build/lib/my_robot_controller/__init__.py -> /home/student/ros2_ws/install/my_robot_controller/lib/python3.10/site-packages/my_robot_controller
copying /home/student/ros2_ws/build/my_robot_controller/build/lib/my_robot_controller/mapping.py -> /home/student/ros2_ws/install/my_robot_controller/lib/python3.10/site-packages/my_robot_controller
byte-compiling /home/student/ros2_ws/install/my_robot_controller/lib/python3.10/site-packages/my_robot_controller/navigation.py to navigation.cpython-310.pyc
byte-compiling /home/student/ros2_ws/install/my_robot_controller/lib/python3.10/site-packages/my_robot_controller/__init__.py to __init__.cpython-310.pyc
byte-compiling /home/student/ros2_ws/install/my_robot_controller/lib/python3.10/site-packages/my_robot_controller/mapping.py to mapping.cpython-310.pyc
running install_data
creating /home/student/ros2_ws/install/my_robot_controller/share/ament_index
creating /home/student/ros2_ws/install/my_robot_controller/share/ament_index/resource_index
creating /home/student/ros2_ws/install/my_robot_controller/share/ament_index/resource_index/packages
copying resource/my_robot_controller -> /home/student/ros2_ws/install/my_robot_controller/share/ament_index/resource_index/packages
copying package.xml -> /home/student/ros2_ws/install/my_robot_controller/share/my_robot_controller
creating /home/student/ros2_ws/install/my_robot_controller/share/my_robot_controller/launch
copying launch/run_navigation.launch.py -> /home/student/ros2_ws/install/my_robot_controller/share/my_robot_controller/launch
copying launch/multi_spawn_turtlebot3.launch.py -> /home/student/ros2_ws/install/my_robot_controller/share/my_robot_controller/launch
copying launch/turtlebot3_dqn_stage2.launch.py -> /home/student/ros2_ws/install/my_robot_controller/share/my_robot_controller/launch
copying launch/turtlebot3_house.launch.py -> /home/student/ros2_ws/install/my_robot_controller/share/my_robot_controller/launch
copying launch/start_mapping.launch.py -> /home/student/ros2_ws/install/my_robot_controller/share/my_robot_controller/launch
copying launch/turtlebot3_dqn_stage1.launch.py -> /home/student/ros2_ws/install/my_robot_controller/share/my_robot_controller/launch
copying launch/turtlebot3_dqn_stage3.launch.py -> /home/student/ros2_ws/install/my_robot_controller/share/my_robot_controller/launch
copying launch/spawn_turtlebot3.launch.py -> /home/student/ros2_ws/install/my_robot_controller/share/my_robot_controller/launch
copying launch/robot_state_publisher.launch.py -> /home/student/ros2_ws/install/my_robot_controller/share/my_robot_controller/launch
copying launch/empty_world.launch.py -> /home/student/ros2_ws/install/my_robot_controller/share/my_robot_controller/launch
copying launch/turtlebot3_autorace_2020.launch.py -> /home/student/ros2_ws/install/my_robot_controller/share/my_robot_controller/launch
copying launch/turtlebot3_dqn_stage4.launch.py -> /home/student/ros2_ws/install/my_robot_controller/share/my_robot_controller/launch
copying launch/turtlebot3_world.launch.py -> /home/student/ros2_ws/install/my_robot_controller/share/my_robot_controller/launch
copying launch/multi_robot.launch.py -> /home/student/ros2_ws/install/my_robot_controller/share/my_robot_controller/launch
creating /home/student/ros2_ws/install/my_robot_controller/share/my_robot_controller/maps
copying maps/my_map.yaml -> /home/student/ros2_ws/install/my_robot_controller/share/my_robot_controller/maps
copying maps/manual_map.pgm -> /home/student/ros2_ws/install/my_robot_controller/share/my_robot_controller/maps
copying maps/map.rviz -> /home/student/ros2_ws/install/my_robot_controller/share/my_robot_controller/maps
copying maps/manual_map.yaml -> /home/student/ros2_ws/install/my_robot_controller/share/my_robot_controller/maps
copying maps/map.yaml -> /home/student/ros2_ws/install/my_robot_controller/share/my_robot_controller/maps
copying maps/my_map.pgm -> /home/student/ros2_ws/install/my_robot_controller/share/my_robot_controller/maps
copying maps/map.pgm -> /home/student/ros2_ws/install/my_robot_controller/share/my_robot_controller/maps
creating /home/student/ros2_ws/install/my_robot_controller/share/my_robot_controller/worlds
copying worlds/my_custom_world.world -> /home/student/ros2_ws/install/my_robot_controller/share/my_robot_controller/worlds
running install_egg_info
Copying ../../build/my_robot_controller/my_robot_controller.egg-info to /home/student/ros2_ws/install/my_robot_controller/lib/python3.10/site-packages/my_robot_controller-0.0.0-py3.10.egg-info
running install_scripts
Installing mapping script to /home/student/ros2_ws/install/my_robot_controller/lib/my_robot_controller
Installing navigation script to /home/student/ros2_ws/install/my_robot_controller/lib/my_robot_controller
writing list of installed files to '/home/student/ros2_ws/build/my_robot_controller/install.log'
