[0.523s] Invoking command in '/home/student/ros2_ws/src/my_robot_controller': PYTHONPATH=/home/student/ros2_ws/build/my_robot_controller/prefix_override:/usr/lib/python3/dist-packages/colcon_core/task/python/colcon_distutils_commands:/home/student/ros2_ws/install/my_robot_controller/lib/python3.10/site-packages:${PYTHONPATH} /usr/bin/python3 -W ignore:setup.py install is deprecated -W ignore:easy_install command is deprecated setup.py egg_info --egg-base ../../build/my_robot_controller build --build-base /home/student/ros2_ws/build/my_robot_controller/build install --record /home/student/ros2_ws/build/my_robot_controller/install.log --single-version-externally-managed install_data
[0.739s] running egg_info
[0.739s] creating ../../build/my_robot_controller/my_robot_controller.egg-info
[0.739s] writing ../../build/my_robot_controller/my_robot_controller.egg-info/PKG-INFO
[0.739s] writing dependency_links to ../../build/my_robot_controller/my_robot_controller.egg-info/dependency_links.txt
[0.740s] writing entry points to ../../build/my_robot_controller/my_robot_controller.egg-info/entry_points.txt
[0.740s] writing requirements to ../../build/my_robot_controller/my_robot_controller.egg-info/requires.txt
[0.740s] writing top-level names to ../../build/my_robot_controller/my_robot_controller.egg-info/top_level.txt
[0.740s] writing manifest file '../../build/my_robot_controller/my_robot_controller.egg-info/SOURCES.txt'
[0.741s] reading manifest file '../../build/my_robot_controller/my_robot_controller.egg-info/SOURCES.txt'
[0.742s] writing manifest file '../../build/my_robot_controller/my_robot_controller.egg-info/SOURCES.txt'
[0.742s] running build
[0.742s] running build_py
[0.742s] creating /home/student/ros2_ws/build/my_robot_controller/build
[0.742s] creating /home/student/ros2_ws/build/my_robot_controller/build/lib
[0.742s] creating /home/student/ros2_ws/build/my_robot_controller/build/lib/my_robot_controller
[0.742s] copying my_robot_controller/navigation.py -> /home/student/ros2_ws/build/my_robot_controller/build/lib/my_robot_controller
[0.742s] copying my_robot_controller/__init__.py -> /home/student/ros2_ws/build/my_robot_controller/build/lib/my_robot_controller
[0.742s] copying my_robot_controller/mapping.py -> /home/student/ros2_ws/build/my_robot_controller/build/lib/my_robot_controller
[0.742s] running install
[0.743s] running install_lib
[0.743s] creating /home/student/ros2_ws/install/my_robot_controller/lib/python3.10/site-packages/my_robot_controller
[0.743s] copying /home/student/ros2_ws/build/my_robot_controller/build/lib/my_robot_controller/navigation.py -> /home/student/ros2_ws/install/my_robot_controller/lib/python3.10/site-packages/my_robot_controller
[0.743s] copying /home/student/ros2_ws/build/my_robot_controller/build/lib/my_robot_controller/__init__.py -> /home/student/ros2_ws/install/my_robot_controller/lib/python3.10/site-packages/my_robot_controller
[0.743s] copying /home/student/ros2_ws/build/my_robot_controller/build/lib/my_robot_controller/mapping.py -> /home/student/ros2_ws/install/my_robot_controller/lib/python3.10/site-packages/my_robot_controller
[0.744s] byte-compiling /home/student/ros2_ws/install/my_robot_controller/lib/python3.10/site-packages/my_robot_controller/navigation.py to navigation.cpython-310.pyc
[0.745s] byte-compiling /home/student/ros2_ws/install/my_robot_controller/lib/python3.10/site-packages/my_robot_controller/__init__.py to __init__.cpython-310.pyc
[0.745s] byte-compiling /home/student/ros2_ws/install/my_robot_controller/lib/python3.10/site-packages/my_robot_controller/mapping.py to mapping.cpython-310.pyc
[0.745s] running install_data
[0.745s] creating /home/student/ros2_ws/install/my_robot_controller/share/ament_index
[0.745s] creating /home/student/ros2_ws/install/my_robot_controller/share/ament_index/resource_index
[0.745s] creating /home/student/ros2_ws/install/my_robot_controller/share/ament_index/resource_index/packages
[0.745s] copying resource/my_robot_controller -> /home/student/ros2_ws/install/my_robot_controller/share/ament_index/resource_index/packages
[0.745s] copying package.xml -> /home/student/ros2_ws/install/my_robot_controller/share/my_robot_controller
[0.746s] creating /home/student/ros2_ws/install/my_robot_controller/share/my_robot_controller/launch
[0.746s] copying launch/run_navigation.launch.py -> /home/student/ros2_ws/install/my_robot_controller/share/my_robot_controller/launch
[0.746s] copying launch/multi_spawn_turtlebot3.launch.py -> /home/student/ros2_ws/install/my_robot_controller/share/my_robot_controller/launch
[0.746s] copying launch/turtlebot3_dqn_stage2.launch.py -> /home/student/ros2_ws/install/my_robot_controller/share/my_robot_controller/launch
[0.746s] copying launch/turtlebot3_house.launch.py -> /home/student/ros2_ws/install/my_robot_controller/share/my_robot_controller/launch
[0.746s] copying launch/start_mapping.launch.py -> /home/student/ros2_ws/install/my_robot_controller/share/my_robot_controller/launch
[0.746s] copying launch/turtlebot3_dqn_stage1.launch.py -> /home/student/ros2_ws/install/my_robot_controller/share/my_robot_controller/launch
[0.746s] copying launch/turtlebot3_dqn_stage3.launch.py -> /home/student/ros2_ws/install/my_robot_controller/share/my_robot_controller/launch
[0.746s] copying launch/spawn_turtlebot3.launch.py -> /home/student/ros2_ws/install/my_robot_controller/share/my_robot_controller/launch
[0.746s] copying launch/robot_state_publisher.launch.py -> /home/student/ros2_ws/install/my_robot_controller/share/my_robot_controller/launch
[0.746s] copying launch/empty_world.launch.py -> /home/student/ros2_ws/install/my_robot_controller/share/my_robot_controller/launch
[0.747s] copying launch/turtlebot3_autorace_2020.launch.py -> /home/student/ros2_ws/install/my_robot_controller/share/my_robot_controller/launch
[0.747s] copying launch/turtlebot3_dqn_stage4.launch.py -> /home/student/ros2_ws/install/my_robot_controller/share/my_robot_controller/launch
[0.747s] copying launch/turtlebot3_world.launch.py -> /home/student/ros2_ws/install/my_robot_controller/share/my_robot_controller/launch
[0.747s] copying launch/multi_robot.launch.py -> /home/student/ros2_ws/install/my_robot_controller/share/my_robot_controller/launch
[0.747s] creating /home/student/ros2_ws/install/my_robot_controller/share/my_robot_controller/maps
[0.747s] copying maps/my_map.yaml -> /home/student/ros2_ws/install/my_robot_controller/share/my_robot_controller/maps
[0.754s] copying maps/manual_map.pgm -> /home/student/ros2_ws/install/my_robot_controller/share/my_robot_controller/maps
[0.755s] copying maps/map.rviz -> /home/student/ros2_ws/install/my_robot_controller/share/my_robot_controller/maps
[0.755s] copying maps/manual_map.yaml -> /home/student/ros2_ws/install/my_robot_controller/share/my_robot_controller/maps
[0.755s] copying maps/map.yaml -> /home/student/ros2_ws/install/my_robot_controller/share/my_robot_controller/maps
[0.755s] copying maps/my_map.pgm -> /home/student/ros2_ws/install/my_robot_controller/share/my_robot_controller/maps
[0.756s] copying maps/map.pgm -> /home/student/ros2_ws/install/my_robot_controller/share/my_robot_controller/maps
[0.756s] creating /home/student/ros2_ws/install/my_robot_controller/share/my_robot_controller/worlds
[0.756s] copying worlds/my_custom_world.world -> /home/student/ros2_ws/install/my_robot_controller/share/my_robot_controller/worlds
[0.756s] running install_egg_info
[0.757s] Copying ../../build/my_robot_controller/my_robot_controller.egg-info to /home/student/ros2_ws/install/my_robot_controller/lib/python3.10/site-packages/my_robot_controller-0.0.0-py3.10.egg-info
[0.758s] running install_scripts
[0.775s] Installing mapping script to /home/student/ros2_ws/install/my_robot_controller/lib/my_robot_controller
[0.776s] Installing navigation script to /home/student/ros2_ws/install/my_robot_controller/lib/my_robot_controller
[0.776s] writing list of installed files to '/home/student/ros2_ws/build/my_robot_controller/install.log'
[0.794s] Invoked command in '/home/student/ros2_ws/src/my_robot_controller' returned '0': PYTHONPATH=/home/student/ros2_ws/build/my_robot_controller/prefix_override:/usr/lib/python3/dist-packages/colcon_core/task/python/colcon_distutils_commands:/home/student/ros2_ws/install/my_robot_controller/lib/python3.10/site-packages:${PYTHONPATH} /usr/bin/python3 -W ignore:setup.py install is deprecated -W ignore:easy_install command is deprecated setup.py egg_info --egg-base ../../build/my_robot_controller build --build-base /home/student/ros2_ws/build/my_robot_controller/build install --record /home/student/ros2_ws/build/my_robot_controller/install.log --single-version-externally-managed install_data
